
Running 3 tests using 3 workers

  ✓  3 [chromium] › tests\roles.spec.ts:52:9 › Autenticación y Roles de Usuario › 3. Flujo de un Administrador (904ms)
  ✘  1 [chromium] › tests\roles.spec.ts:36:9 › Autenticación y Roles de Usuario › 2. Flujo de un Maestro / Staff (937ms)
  ✘  2 [chromium] › tests\roles.spec.ts:20:9 › Autenticación y Roles de Usuario › 1. Flujo de un Estudiante / Alumno (912ms)


  1) [chromium] › tests\roles.spec.ts:20:9 › Autenticación y Roles de Usuario › 1. Flujo de un Estudiante / Alumno 

    Error: [2mexpect([22m[31mlocator[39m[2m).[22mtoBeVisible[2m([22m[2m)[22m failed

    Locator: locator('text=Mis Reservas')
    Expected: visible
    Error: strict mode violation: locator('text=Mis Reservas') resolved to 2 elements:
        1) <span>Mis Reservas</span> aka getByRole('link', { name: 'Mis Reservas', exact: true })
        2) <h3 class="text-lg font-bold text-gray-900 mb-2">Mis Reservas</h3> aka getByRole('link', { name: 'Mis Reservas Consulta y' })

    Call log:
    [2m  - Expect "toBeVisible" with timeout 5000ms[22m
    [2m  - waiting for locator('text=Mis Reservas')[22m


      27 |         await expect(page.locator('text=Bienvenido, Juan')).toBeVisible();
      28 |         await expect(page.locator('text=Nueva Reservación')).toBeVisible();
    > 29 |         await expect(page.locator('text=Mis Reservas')).toBeVisible();
         |                                                         ^
      30 |
      31 |         // Verificaciones de lo que NO DEBE VER (Protecciones)
      32 |         await expect(page.locator('text=Panel de Administración')).not.toBeVisible();
        at C:\Users\Eon\Documents\UTSJR\8° Cuatrimestre\Desarrollo web profesional\project\loboapp\tests\roles.spec.ts:29:57

    Error Context: test-results\roles-Autenticación-y-Role-855ea-ujo-de-un-Estudiante-Alumno-chromium\error-context.md

  2) [chromium] › tests\roles.spec.ts:36:9 › Autenticación y Roles de Usuario › 2. Flujo de un Maestro / Staff 

    Error: [2mexpect([22m[31mlocator[39m[2m).[22mtoBeVisible[2m([22m[2m)[22m failed

    Locator: locator('text=Mis Reservas')
    Expected: visible
    Error: strict mode violation: locator('text=Mis Reservas') resolved to 2 elements:
        1) <span>Mis Reservas</span> aka getByRole('link', { name: 'Mis Reservas', exact: true })
        2) <h3 class="text-lg font-bold text-gray-900 mb-2">Mis Reservas</h3> aka getByRole('link', { name: 'Mis Reservas Consulta y' })

    Call log:
    [2m  - Expect "toBeVisible" with timeout 5000ms[22m
    [2m  - waiting for locator('text=Mis Reservas')[22m


      43 |         // pero NO debe ver las características exclusivas de administrador.
      44 |         await expect(page.locator('text=Bienvenido, Profesor')).toBeVisible();
    > 45 |         await expect(page.locator('text=Mis Reservas')).toBeVisible();
         |                                                         ^
      46 |         
      47 |         // No debe ver lo de admin
      48 |         await expect(page.locator('text=Panel de Administración')).not.toBeVisible();
        at C:\Users\Eon\Documents\UTSJR\8° Cuatrimestre\Desarrollo web profesional\project\loboapp\tests\roles.spec.ts:45:57

    Error Context: test-results\roles-Autenticación-y-Role-1c990-2-Flujo-de-un-Maestro-Staff-chromium\error-context.md

  2 failed
    [chromium] › tests\roles.spec.ts:20:9 › Autenticación y Roles de Usuario › 1. Flujo de un Estudiante / Alumno 
    [chromium] › tests\roles.spec.ts:36:9 › Autenticación y Roles de Usuario › 2. Flujo de un Maestro / Staff 
  1 passed (7.5s)
